// Jest Snapshot v1, https://goo.gl/fbAQLP

exports[`Logo shows the application logo 1`] = `
<img
  alt="Buzz logo"
  id="logo"
  src="logo.svg"
  style={
    Object {
      "height": "40%",
      "padding": "12px",
      "width": "40%",
    }
  }
/>
`;
